<html>
<body>
<pre>
<h1>礦ision Build Log</h1>
<h2>Project:</h2>
E:\001.Board\STM32-V6\RL-RTX\V5-400_RTX实验_库移植方式（超级简单）\Project\MDK-ARM(uV4)\project.uvproj
Project File Date:  12/31/2015

<h2>Output:</h2>
Build target 'Flash'
linking...
Program Size: Code=6892 RO-data=504 RW-data=68 ZI-data=8276  
FromELF: creating hex file...
".\Flash\Obj\project.axf" - 0 Error(s), 0 Warning(s).
</pre>
</body>
</html>
-V6\\RL-RTX\\V5-400_RTX实验_库移植方式（超级简单）\\Project\\MDK-ARM(uV4)\\Flash\\Obj\\project.axf" 
Set JLink Project File to "E:\001.Board\STM32-V6\RL-RTX\V5-400_RTX实验_库移植方式（超级简单）\Project\MDK-ARM(uV4)\JLinkSettings.ini"
* JLink Info: Device "STM32F429BI" selected.
 
JLink info:
------------
DLL: V5.00c, compiled Jun 11 2015 11:40:27
Firmware: J-Link ARM-OB STM32 compiled Aug 22 2012 19:52:04
Hardware: V7.00
S/N : 20090928 
Feature(s) : RDI,FlashDL,FlashBP,JFlash,GDBFull 
 
* JLink Info: Found SWD-DP with ID 0x2BA01477
* JLink Info: Found SWD-DP with ID 0x2BA01477
* JLink Info: Found Cortex-M4 r0p1, Little endian.
* JLink Info: FPUnit: 6 code (BP) slots and 2 literal slots
* JLink Info: CoreSight components:
* JLink Info: ROMTbl 0 @ E00FF000
* JLink Info: ROMTbl 0 [0]: FFF0F000, CID: B105E00D, PID: 000BB00C SCS
* JLink Info: ROMTbl 0 [1]: FFF02000, CID: B105E00D, PID: 003BB002 DWT
* JLink Info: ROMTbl 0 [2]: FFF03000, CID: B105E00D, PID: 002BB003 FPB
* JLink Info: ROMTbl 0 [3]: FFF01000, CID: B105E00D, PID: 003BB001 ITM
* JLink Info: ROMTbl 0 [4]: FFF41000, CID: B105900D, PID: 000BB9A1 TPIU
* JLink Info: ROMTbl 0 [5]: FFF42000, CID: B105900D, PID: 000BB925 ETM
ROMTableAddr = 0xE00FF003
 
Target info:
------------
Device: STM32F429BI
VTarget = 3.300V
State of Pins: 
TCK: 0, TDI: 0, TDO: 1, TMS: 0, TRES: 1, TRST: 1
Hardware-Breakpoints: 6
Software-Breakpoints: 8192
Watchpoints:          4
JTAG speed: 2000 kHz
 
Erase Done.
Programming Done.
Verify OK.
Application running ...
compiling main.c...
"..\..\User\main.c" - 0 Error(s), 0 Warning(s).
